<html>
<body>
<pre>
<h1>µVision Build Log</h1>
<h2>Tool Versions:</h2>
IDE-Version: µVision V5.42.0.0
Copyright (C) 2025 ARM Ltd and ARM Germany GmbH. All rights reserved.
License Information: Hoang Do, i, LIC=----
 
Tool Versions:
Toolchain:       MDK-Lite  Version: 5.42.0.0
Toolchain Path:  C:\Users\DELL\AppData\Local\Keil_v5\ARM\ARMCLANG\Bin
C Compiler:      ArmClang.exe V6.23
Assembler:       Armasm.exe V6.23
Linker/Locator:  ArmLink.exe V6.23
Library Manager: ArmAr.exe V6.23
Hex Converter:   FromElf.exe V6.23
CPU DLL:         SARMCM3.DLL V5.42.0.0
Dialog DLL:      DCM.DLL V1.17.5.0
Target DLL:      STLink\ST-LINKIII-KEIL_SWO.dll V3.3.0.0
Dialog DLL:      TCM.DLL V1.56.6.0
 
<h2>Project:</h2>
D:\esp32\STM32F103_20250407\TEST2.uvprojx
Project File Date:  05/02/2026

<h2>Output:</h2>
*** Using Compiler 'V6.23', folder: 'C:\Users\DELL\AppData\Local\Keil_v5\ARM\ARMCLANG\Bin'
Rebuild target 'Tartget1'
compiling main.c...
compiling stm32f10x_gpio.c...
compiling stm32f10x_usart.c...
compiling delay.c...
compiling stm32f10x_rcc.c...
compiling system_stm32f10x.c...
compiling stm32f10x_tim.c...
compiling timer.c...
compiling i2c.c...
compiling dht11.c...
compiling pwm.c...
compiling i2c_lcd.c...
compiling stm32f10x_i2c.c...
compiling adc.c...
compiling misc.c...
compiling stm32f10x_adc.c...
compiling rain.c...
compiling water_level.c...
compiling flow_sensor.c...
compiling stm32f10x_exti.c...
compiling analog.c...
compiling art.c...
compiling dht22.c...
compiling motor.c...
assembling startup_stm32f10x_md.s...
compiling lora.c...
compiling stm32f10x_spi.c...
linking...
Program Size: Code=10388 RO-data=1052 RW-data=0 ZI-data=1640  
".\Objects\TEST2.axf" - 0 Error(s), 0 Warning(s).

<h2>Software Packages used:</h2>

Package Vendor: Keil
                https://www.keil.com/pack/Keil.STM32F1xx_DFP.2.4.1.pack
                Keil::STM32F1xx_DFP@2.4.1
                STMicroelectronics STM32F1 Series Device Support, Drivers and Examples

<h2>Collection of Component include folders:</h2>
  C:/Users/DELL/AppData/Local/Arm/Packs/Keil/STM32F1xx_DFP/2.4.1/Device/Include

<h2>Collection of Component Files used:</h2>
Build Time Elapsed:  00:00:01
</pre>
</body>
</html>
